// Jest Snapshot v1, https://goo.gl/fbAQLP

exports[`App match snapshot 1`] = `
<div
  className="app"
>
  <Header />
  <div
    className="app-wrapper"
  >
    <withRouter(Connect(Nav)) />
    <withRouter(Connect(Main)) />
  </div>
  <Footer />
</div>
`;
