// Jest Snapshot v1, https://goo.gl/fbAQLP

exports[`Nav match snapshot 1`] = `
<nav
  className="nav"
>
  <withRouter(NavDisconnected) />
</nav>
`;
